Starting with 8 Tokio worker threads
[2m2025-09-20T01:36:01.030999Z[0m [32m INFO[0m [2mbluesky_push_notifier::logging[0m[2m:[0m [2msrc/logging.rs[0m[2m:[0m[2m33:[0m Logging initialized at custom levels
[2m2025-09-20T01:36:01.031038Z[0m [32m INFO[0m [2mbluesky_push_notifier[0m[2m:[0m [2msrc/main.rs[0m[2m:[0m[2m53:[0m Starting Bluesky Push Notification Service
[2m2025-09-20T01:36:01.031045Z[0m [32m INFO[0m [2mbluesky_push_notifier::db[0m[2m:[0m [2msrc/db.rs[0m[2m:[0m[2m9:[0m Initializing database connection pool
[2m2025-09-20T01:36:01.031048Z[0m [32m INFO[0m [2mbluesky_push_notifier::db[0m[2m:[0m [2msrc/db.rs[0m[2m:[0m[2m20:[0m Setting database pool to 20 max connections
[2m2025-09-20T01:36:01.040669Z[0m [32m INFO[0m [2mbluesky_push_notifier::relationship_manager[0m[2m:[0m [2msrc/relationship_manager.rs[0m[2m:[0m[2m42:[0m Using privacy-preserving hashed relationship storage
[2m2025-09-20T01:36:01.040923Z[0m [32m INFO[0m [2mbluesky_push_notifier[0m[2m:[0m [2msrc/main.rs[0m[2m:[0m[2m74:[0m Running one-time cleanup of firehose cursor table
[2m2025-09-20T01:36:01.042092Z[0m [32m INFO[0m [2mbluesky_push_notifier::relationship_manager[0m[2m:[0m [2msrc/relationship_manager.rs[0m[2m:[0m[2m643:[0m Running relationship cache maintenance
[2m2025-09-20T01:36:01.051242Z[0m [32m INFO[0m [2mbluesky_push_notifier::relationship_manager[0m[2m:[0m [2msrc/relationship_manager.rs[0m[2m:[0m[2m671:[0m Refreshed relationship caches for 1 users
[2m2025-09-20T01:36:01.093401Z[0m [32m INFO[0m [2mbluesky_push_notifier::did_resolver[0m[2m:[0m [2msrc/did_resolver.rs[0m[2m:[0m[2m426:[0m Cleaned expired DID cache entries [3mmemory_cleaned[0m[2m=[0m0 [3mdb_cleaned[0m[2m=[0m0
[2m2025-09-20T01:36:01.134722Z[0m [31mERROR[0m [2mbluesky_push_notifier::firehose[0m[2m:[0m [2msrc/firehose.rs[0m[2m:[0m[2m198:[0m DEBUG: run_firehose_consumer function called with URL: bsky.network
[2m2025-09-20T01:36:01.134741Z[0m [31mERROR[0m [2mbluesky_push_notifier::firehose[0m[2m:[0m [2msrc/firehose.rs[0m[2m:[0m[2m202:[0m DEBUG: About to call info! log
[2m2025-09-20T01:36:01.134771Z[0m [31mERROR[0m [2mbluesky_push_notifier::firehose[0m[2m:[0m [2msrc/firehose.rs[0m[2m:[0m[2m204:[0m DEBUG: After info! log
[2m2025-09-20T01:36:01.134774Z[0m [31mERROR[0m [2mbluesky_push_notifier::firehose[0m[2m:[0m [2msrc/firehose.rs[0m[2m:[0m[2m213:[0m DEBUG: Starting outer loop iteration
[2m2025-09-20T01:36:01.134776Z[0m [31mERROR[0m [2mbluesky_push_notifier::firehose[0m[2m:[0m [2msrc/firehose.rs[0m[2m:[0m[2m215:[0m DEBUG: About to call get_last_cursor
[2m2025-09-20T01:36:01.134970Z[0m [32m INFO[0m [2mbluesky_push_notifier::filter[0m[2m:[0m [2msrc/filter.rs[0m[2m:[0m[2m25:[0m Starting event filter
[2m2025-09-20T01:36:01.135010Z[0m [32m INFO[0m [2mbluesky_push_notifier::apns[0m[2m:[0m [2msrc/apns.rs[0m[2m:[0m[2m143:[0m Starting notification sender
[2m2025-09-20T01:36:01.135057Z[0m [32m INFO[0m [2mbluesky_push_notifier[0m[2m:[0m [2msrc/main.rs[0m[2m:[0m[2m201:[0m Starting API server on 0.0.0.0:8081
[2m2025-09-20T01:36:01.135527Z[0m [31mERROR[0m [2mbluesky_push_notifier::firehose[0m[2m:[0m [2msrc/firehose.rs[0m[2m:[0m[2m218:[0m DEBUG: get_last_cursor succeeded: Some("13545429403")
[2m2025-09-20T01:36:01.135537Z[0m [31mERROR[0m [2mbluesky_push_notifier::firehose[0m[2m:[0m [2msrc/firehose.rs[0m[2m:[0m[2m226:[0m DEBUG: After get_last_cursor
[2m2025-09-20T01:36:01.135540Z[0m [31mERROR[0m [2mbluesky_push_notifier::firehose[0m[2m:[0m [2msrc/firehose.rs[0m[2m:[0m[2m234:[0m DEBUG: About to call RepoSubscription::new with URL: bsky.network
[2m2025-09-20T01:36:01.135809Z[0m [32m INFO[0m [2mbluesky_push_notifier::post_resolver[0m[2m:[0m [2msrc/post_resolver.rs[0m[2m:[0m[2m488:[0m Cleaned expired post cache entries [3mmemory_cleaned[0m[2m=[0m0 [3mdb_cleaned[0m[2m=[0m0
[2m2025-09-20T01:36:01.445713Z[0m [31mERROR[0m [2mbluesky_push_notifier::firehose[0m[2m:[0m [2msrc/firehose.rs[0m[2m:[0m[2m240:[0m DEBUG: RepoSubscription::new completed
[2m2025-09-20T01:36:05.870369Z[0m [32m INFO[0m [2mbluesky_push_notifier::apns[0m[2m:[0m [2msrc/apns.rs[0m[2m:[0m[2m78:[0m Sending notification [3mnotification_type[0m[2m=[0mActivitySubscription(Post) [3muser_did[0m[2m=[0mdid:plc:7nmnou7umkr46rp7u2hbd3nb [3mtitle[0m[2m=[0m@j0sh.bsky.social posted a new update
[2m2025-09-20T01:36:06.010559Z[0m [32m INFO[0m [2mbluesky_push_notifier::apns[0m[2m:[0m [2msrc/apns.rs[0m[2m:[0m[2m93:[0m Notification delivered successfully [3mnotification_type[0m[2m=[0mActivitySubscription(Post) [3muser_did[0m[2m=[0mdid:plc:7nmnou7umkr46rp7u2hbd3nb [3mstatus[0m[2m=[0m200
[2m2025-09-20T01:36:06.010590Z[0m [32m INFO[0m [2mbluesky_push_notifier::apns[0m[2m:[0m [2msrc/apns.rs[0m[2m:[0m[2m163:[0m Successfully sent activitysubscription(post) notification to did:plc:7nmnou7umkr46rp7u2hbd3nb
[2m2025-09-20T01:36:16.951234Z[0m [32m INFO[0m [2mbluesky_push_notifier::apns[0m[2m:[0m [2msrc/apns.rs[0m[2m:[0m[2m78:[0m Sending notification [3mnotification_type[0m[2m=[0mActivitySubscription(Post) [3muser_did[0m[2m=[0mdid:plc:7nmnou7umkr46rp7u2hbd3nb [3mtitle[0m[2m=[0m@j0sh.bsky.social posted a new update
[2m2025-09-20T01:36:16.967383Z[0m [32m INFO[0m [2mbluesky_push_notifier::apns[0m[2m:[0m [2msrc/apns.rs[0m[2m:[0m[2m93:[0m Notification delivered successfully [3mnotification_type[0m[2m=[0mActivitySubscription(Post) [3muser_did[0m[2m=[0mdid:plc:7nmnou7umkr46rp7u2hbd3nb [3mstatus[0m[2m=[0m200
[2m2025-09-20T01:36:16.967409Z[0m [32m INFO[0m [2mbluesky_push_notifier::apns[0m[2m:[0m [2msrc/apns.rs[0m[2m:[0m[2m163:[0m Successfully sent activitysubscription(post) notification to did:plc:7nmnou7umkr46rp7u2hbd3nb
